[INFO] Scanning for projects...
[INFO] 
[INFO] --------------------< com.infy.pinterest:pinterest >--------------------
[INFO] Building pinterest 0.0.1-SNAPSHOT
[INFO]   from pom.xml
[INFO] --------------------------------[ jar ]---------------------------------
[INFO] 
[INFO] --- resources:3.3.1:resources (default-resources) @ pinterest ---
[INFO] Copying 1 resource from src\main\resources to target\classes
[INFO] Copying 0 resource from src\main\resources to target\classes
[INFO] 
[INFO] --- compiler:3.11.0:compile (default-compile) @ pinterest ---
[INFO] Nothing to compile - all classes are up to date
[INFO] 
[INFO] --- resources:3.3.1:testResources (default-testResources) @ pinterest ---
[INFO] skip non existing resourceDirectory C:\Users\Gowrish\Desktop\newcapstone\pinterest\src\test\resources
[INFO] 
[INFO] --- compiler:3.11.0:testCompile (default-testCompile) @ pinterest ---
[INFO] Nothing to compile - all classes are up to date
[INFO] 
[INFO] --- surefire:3.1.2:test (default-test) @ pinterest ---
[INFO] Using auto detected provider org.apache.maven.surefire.junitplatform.JUnitPlatformProvider
Downloading from central: https://repo.maven.apache.org/maven2/org/apache/maven/surefire/surefire-junit-platform/3.1.2/surefire-junit-platform-3.1.2.pom
Progress (1): 832 B
Progress (1): 2.6 kB
Progress (1): 4.7 kB
                    
Downloaded from central: https://repo.maven.apache.org/maven2/org/apache/maven/surefire/surefire-junit-platform/3.1.2/surefire-junit-platform-3.1.2.pom (4.7 kB at 3.4 kB/s)
Downloading from central: https://repo.maven.apache.org/maven2/org/apache/maven/surefire/surefire-providers/3.1.2/surefire-providers-3.1.2.pom
Progress (1): 846 B
Progress (1): 2.2 kB
Progress (1): 2.6 kB
                    
Downloaded from central: https://repo.maven.apache.org/maven2/org/apache/maven/surefire/surefire-providers/3.1.2/surefire-providers-3.1.2.pom (2.6 kB at 20 kB/s)
Downloading from central: https://repo.maven.apache.org/maven2/org/apache/maven/surefire/common-java5/3.1.2/common-java5-3.1.2.pom
Progress (1): 841 B
Progress (1): 2.0 kB
Progress (1): 2.8 kB
                    
Downloaded from central: https://repo.maven.apache.org/maven2/org/apache/maven/surefire/common-java5/3.1.2/common-java5-3.1.2.pom (2.8 kB at 16 kB/s)
Downloading from central: https://repo.maven.apache.org/maven2/org/junit/platform/junit-platform-launcher/1.9.2/junit-platform-launcher-1.9.2.pom
Progress (1): 968 B
Progress (1): 3.0 kB
                    
Downloaded from central: https://repo.maven.apache.org/maven2/org/junit/platform/junit-platform-launcher/1.9.2/junit-platform-launcher-1.9.2.pom (3.0 kB at 23 kB/s)
Downloading from central: https://repo.maven.apache.org/maven2/org/junit/platform/junit-platform-engine/1.9.2/junit-platform-engine-1.9.2.pom
Progress (1): 953 B
Progress (1): 2.5 kB
Progress (1): 3.2 kB
                    
Downloaded from central: https://repo.maven.apache.org/maven2/org/junit/platform/junit-platform-engine/1.9.2/junit-platform-engine-1.9.2.pom (3.2 kB at 30 kB/s)
Downloading from central: https://repo.maven.apache.org/maven2/org/opentest4j/opentest4j/1.2.0/opentest4j-1.2.0.pom
Progress (1): 1.2 kB
Progress (1): 1.7 kB
                    
Downloaded from central: https://repo.maven.apache.org/maven2/org/opentest4j/opentest4j/1.2.0/opentest4j-1.2.0.pom (1.7 kB at 16 kB/s)
Downloading from central: https://repo.maven.apache.org/maven2/org/junit/platform/junit-platform-commons/1.9.2/junit-platform-commons-1.9.2.pom
Progress (1): 973 B
Progress (1): 2.8 kB
                    
Downloaded from central: https://repo.maven.apache.org/maven2/org/junit/platform/junit-platform-commons/1.9.2/junit-platform-commons-1.9.2.pom (2.8 kB at 21 kB/s)
Downloading from central: https://repo.maven.apache.org/maven2/org/apache/maven/surefire/surefire-junit-platform/3.1.2/surefire-junit-platform-3.1.2.jar
Progress (1): 0.9/27 kB
Progress (1): 2.3/27 kB
Progress (1): 3.6/27 kB
Progress (1): 5.0/27 kB
Progress (1): 6.4/27 kB
Progress (1): 7.7/27 kB
Progress (1): 9.1/27 kB
Progress (1): 10/27 kB 
Progress (1): 12/27 kB
Progress (1): 13/27 kB
Progress (1): 15/27 kB
Progress (1): 16/27 kB
Progress (1): 17/27 kB
Progress (1): 19/27 kB
Progress (1): 20/27 kB
Progress (1): 21/27 kB
Progress (1): 23/27 kB
Progress (1): 24/27 kB
Progress (1): 25/27 kB
Progress (1): 27 kB   
                   
Downloaded from central: https://repo.maven.apache.org/maven2/org/apache/maven/surefire/surefire-junit-platform/3.1.2/surefire-junit-platform-3.1.2.jar (27 kB at 68 kB/s)
Downloading from central: https://repo.maven.apache.org/maven2/org/apache/maven/surefire/common-java5/3.1.2/common-java5-3.1.2.jar
Downloading from central: https://repo.maven.apache.org/maven2/org/junit/platform/junit-platform-launcher/1.9.2/junit-platform-launcher-1.9.2.jar
Downloading from central: https://repo.maven.apache.org/maven2/org/junit/platform/junit-platform-engine/1.9.2/junit-platform-engine-1.9.2.jar
Downloading from central: https://repo.maven.apache.org/maven2/org/opentest4j/opentest4j/1.2.0/opentest4j-1.2.0.jar
Downloading from central: https://repo.maven.apache.org/maven2/org/junit/platform/junit-platform-commons/1.9.2/junit-platform-commons-1.9.2.jar
Progress (1): 3.8/18 kB
Progress (1): 8.0/18 kB
Progress (1): 8.2/18 kB
Progress (1): 12/18 kB 
Progress (1): 17/18 kB
Progress (1): 18 kB   
                   
Downloaded from central: https://repo.maven.apache.org/maven2/org/apache/maven/surefire/common-java5/3.1.2/common-java5-3.1.2.jar (18 kB at 126 kB/s)
Progress (1): 0.9/103 kB
Progress (1): 2.3/103 kB
Progress (1): 3.6/103 kB
Progress (1): 5.0/103 kB
Progress (1): 6.4/103 kB
Progress (1): 7.7/103 kB
Progress (2): 7.7/103 kB | 0.9/7.7 kB
Progress (2): 9.1/103 kB | 0.9/7.7 kB
Progress (2): 9.1/103 kB | 2.3/7.7 kB
Progress (2): 10/103 kB | 2.3/7.7 kB 
Progress (2): 10/103 kB | 3.6/7.7 kB
Progress (2): 12/103 kB | 3.6/7.7 kB
Progress (2): 12/103 kB | 5.0/7.7 kB
Progress (2): 13/103 kB | 5.0/7.7 kB
Progress (2): 13/103 kB | 6.4/7.7 kB
Progress (2): 15/103 kB | 6.4/7.7 kB
Progress (2): 15/103 kB | 7.7 kB    
Progress (2): 16/103 kB | 7.7 kB
Progress (2): 17/103 kB | 7.7 kB
Progress (2): 19/103 kB | 7.7 kB
Progress (2): 20/103 kB | 7.7 kB
Progress (2): 21/103 kB | 7.7 kB
Progress (2): 23/103 kB | 7.7 kB
Progress (2): 24/103 kB | 7.7 kB
Progress (2): 25/103 kB | 7.7 kB
Progress (2): 26/103 kB | 7.7 kB
Progress (2): 27/103 kB | 7.7 kB
Progress (2): 29/103 kB | 7.7 kB
Progress (2): 30/103 kB | 7.7 kB
Progress (2): 31/103 kB | 7.7 kB
Progress (2): 33/103 kB | 7.7 kB
Progress (2): 34/103 kB | 7.7 kB
Progress (2): 36/103 kB | 7.7 kB
Progress (2): 37/103 kB | 7.7 kB
Progress (2): 38/103 kB | 7.7 kB
Progress (2): 40/103 kB | 7.7 kB
Progress (2): 41/103 kB | 7.7 kB
Progress (2): 42/103 kB | 7.7 kB
Progress (2): 44/103 kB | 7.7 kB
Progress (2): 45/103 kB | 7.7 kB
Progress (2): 46/103 kB | 7.7 kB
Progress (2): 48/103 kB | 7.7 kB
Progress (2): 49/103 kB | 7.7 kB
Progress (3): 49/103 kB | 7.7 kB | 0.9/169 kB
Progress (3): 51/103 kB | 7.7 kB | 0.9/169 kB
Progress (3): 51/103 kB | 7.7 kB | 2.3/169 kB
Progress (3): 52/103 kB | 7.7 kB | 2.3/169 kB
Progress (3): 52/103 kB | 7.7 kB | 3.6/169 kB
Progress (3): 53/103 kB | 7.7 kB | 3.6/169 kB
                                             
Downloaded from central: https://repo.maven.apache.org/maven2/org/opentest4j/opentest4j/1.2.0/opentest4j-1.2.0.jar (7.7 kB at 19 kB/s)
Progress (2): 53/103 kB | 5.0/169 kB
Progress (2): 55/103 kB | 5.0/169 kB
Progress (2): 55/103 kB | 6.4/169 kB
Progress (2): 55/103 kB | 7.7/169 kB
Progress (2): 59/103 kB | 7.7/169 kB
Progress (2): 59/103 kB | 8.2/169 kB
Progress (2): 59/103 kB | 9.6/169 kB
Progress (2): 63/103 kB | 9.6/169 kB
Progress (2): 63/103 kB | 11/169 kB 
Progress (2): 63/103 kB | 12/169 kB
Progress (2): 63/103 kB | 14/169 kB
Progress (2): 63/103 kB | 15/169 kB
Progress (2): 67/103 kB | 15/169 kB
Progress (2): 67/103 kB | 16/169 kB
Progress (2): 67/103 kB | 18/169 kB
Progress (2): 72/103 kB | 18/169 kB
Progress (2): 72/103 kB | 19/169 kB
Progress (2): 72/103 kB | 21/169 kB
Progress (2): 76/103 kB | 21/169 kB
Progress (2): 76/103 kB | 22/169 kB
Progress (2): 80/103 kB | 22/169 kB
Progress (2): 80/103 kB | 23/169 kB
Progress (2): 80/103 kB | 25/169 kB
Progress (2): 84/103 kB | 25/169 kB
Progress (2): 84/103 kB | 26/169 kB
Progress (3): 84/103 kB | 26/169 kB | 0.9/189 kB
Progress (3): 84/103 kB | 27/169 kB | 0.9/189 kB
Progress (3): 89/103 kB | 27/169 kB | 0.9/189 kB
Progress (3): 89/103 kB | 27/169 kB | 2.3/189 kB
Progress (3): 89/103 kB | 29/169 kB | 2.3/189 kB
Progress (3): 89/103 kB | 29/169 kB | 3.6/189 kB
Progress (3): 89/103 kB | 30/169 kB | 3.6/189 kB
Progress (3): 93/103 kB | 30/169 kB | 3.6/189 kB
Progress (3): 93/103 kB | 31/169 kB | 3.6/189 kB
Progress (3): 93/103 kB | 31/169 kB | 5.0/189 kB
Progress (3): 93/103 kB | 33/169 kB | 5.0/189 kB
Progress (3): 93/103 kB | 33/169 kB | 6.4/189 kB
Progress (3): 97/103 kB | 33/169 kB | 6.4/189 kB
Progress (3): 97/103 kB | 34/169 kB | 6.4/189 kB
Progress (3): 97/103 kB | 34/169 kB | 7.7/189 kB
Progress (3): 97/103 kB | 36/169 kB | 7.7/189 kB
Progress (3): 101/103 kB | 36/169 kB | 7.7/189 kB
Progress (3): 101/103 kB | 36/169 kB | 9.1/189 kB
Progress (3): 101/103 kB | 37/169 kB | 9.1/189 kB
Progress (3): 101/103 kB | 37/169 kB | 10/189 kB 
Progress (3): 101/103 kB | 38/169 kB | 10/189 kB
Progress (3): 103 kB | 38/169 kB | 10/189 kB    
Progress (3): 103 kB | 38/169 kB | 12/189 kB
Progress (3): 103 kB | 40/169 kB | 12/189 kB
Progress (3): 103 kB | 40/169 kB | 13/189 kB
Progress (3): 103 kB | 41/169 kB | 13/189 kB
Progress (3): 103 kB | 41/169 kB | 15/189 kB
Progress (3): 103 kB | 42/169 kB | 15/189 kB
Progress (3): 103 kB | 42/169 kB | 16/189 kB
Progress (3): 103 kB | 44/169 kB | 16/189 kB
Progress (3): 103 kB | 44/169 kB | 17/189 kB
Progress (3): 103 kB | 45/169 kB | 17/189 kB
Progress (3): 103 kB | 45/169 kB | 19/189 kB
Progress (3): 103 kB | 47/169 kB | 19/189 kB
Progress (3): 103 kB | 47/169 kB | 20/189 kB
Progress (3): 103 kB | 48/169 kB | 20/189 kB
Progress (3): 103 kB | 48/169 kB | 21/189 kB
Progress (3): 103 kB | 48/169 kB | 23/189 kB
Progress (3): 103 kB | 49/169 kB | 23/189 kB
Progress (3): 103 kB | 49/169 kB | 24/189 kB
Progress (3): 103 kB | 51/169 kB | 24/189 kB
Progress (3): 103 kB | 51/169 kB | 25/189 kB
Progress (3): 103 kB | 52/169 kB | 25/189 kB
Progress (3): 103 kB | 52/169 kB | 26/189 kB
Progress (3): 103 kB | 53/169 kB | 26/189 kB
Progress (3): 103 kB | 53/169 kB | 27/189 kB
Progress (3): 103 kB | 55/169 kB | 27/189 kB
Progress (3): 103 kB | 55/169 kB | 29/189 kB
Progress (3): 103 kB | 55/169 kB | 30/189 kB
Progress (3): 103 kB | 59/169 kB | 30/189 kB
Progress (3): 103 kB | 59/169 kB | 31/189 kB
Progress (3): 103 kB | 59/169 kB | 33/189 kB
Progress (3): 103 kB | 63/169 kB | 33/189 kB
Progress (3): 103 kB | 63/169 kB | 34/189 kB
Progress (3): 103 kB | 63/169 kB | 36/189 kB
Progress (3): 103 kB | 67/169 kB | 36/189 kB
Progress (3): 103 kB | 67/169 kB | 37/189 kB
Progress (3): 103 kB | 72/169 kB | 37/189 kB
Progress (3): 103 kB | 72/169 kB | 38/189 kB
Progress (3): 103 kB | 72/169 kB | 40/189 kB
Progress (3): 103 kB | 76/169 kB | 40/189 kB
Progress (3): 103 kB | 76/169 kB | 41/189 kB
Progress (3): 103 kB | 80/169 kB | 41/189 kB
Progress (3): 103 kB | 80/169 kB | 42/189 kB
Progress (3): 103 kB | 80/169 kB | 44/189 kB
Progress (3): 103 kB | 84/169 kB | 44/189 kB
Progress (3): 103 kB | 84/169 kB | 45/189 kB
Progress (3): 103 kB | 84/169 kB | 46/189 kB
Progress (3): 103 kB | 89/169 kB | 46/189 kB
Progress (3): 103 kB | 89/169 kB | 48/189 kB
Progress (3): 103 kB | 89/169 kB | 49/189 kB
Progress (3): 103 kB | 93/169 kB | 49/189 kB
Progress (3): 103 kB | 93/169 kB | 51/189 kB
Progress (3): 103 kB | 97/169 kB | 51/189 kB
Progress (3): 103 kB | 97/169 kB | 52/189 kB
Progress (3): 103 kB | 97/169 kB | 53/189 kB
Progress (3): 103 kB | 101/169 kB | 53/189 kB
Progress (3): 103 kB | 101/169 kB | 55/189 kB
Progress (3): 103 kB | 105/169 kB | 55/189 kB
Progress (3): 103 kB | 105/169 kB | 59/189 kB
Progress (3): 103 kB | 110/169 kB | 59/189 kB
Progress (3): 103 kB | 110/169 kB | 63/189 kB
Progress (3): 103 kB | 114/169 kB | 63/189 kB
Progress (3): 103 kB | 118/169 kB | 63/189 kB
Progress (3): 103 kB | 122/169 kB | 63/189 kB
Progress (3): 103 kB | 122/169 kB | 67/189 kB
Progress (3): 103 kB | 127/169 kB | 67/189 kB
Progress (3): 103 kB | 127/169 kB | 72/189 kB
                                             
Downloaded from central: https://repo.maven.apache.org/maven2/org/junit/platform/junit-platform-commons/1.9.2/junit-platform-commons-1.9.2.jar (103 kB at 241 kB/s)
Progress (2): 127/169 kB | 76/189 kB
Progress (2): 127/169 kB | 80/189 kB
Progress (2): 127/169 kB | 84/189 kB
Progress (2): 127/169 kB | 89/189 kB
Progress (2): 127/169 kB | 93/189 kB
Progress (2): 127/169 kB | 97/189 kB
Progress (2): 127/169 kB | 101/189 kB
Progress (2): 127/169 kB | 105/189 kB
Progress (2): 127/169 kB | 110/189 kB
Progress (2): 127/169 kB | 114/189 kB
Progress (2): 127/169 kB | 118/189 kB
Progress (2): 127/169 kB | 122/189 kB
Progress (2): 127/169 kB | 127/189 kB
Progress (2): 127/169 kB | 131/189 kB
Progress (2): 131/169 kB | 131/189 kB
Progress (2): 131/169 kB | 135/189 kB
Progress (2): 131/169 kB | 139/189 kB
Progress (2): 135/169 kB | 139/189 kB
Progress (2): 135/169 kB | 144/189 kB
Progress (2): 139/169 kB | 144/189 kB
Progress (2): 139/169 kB | 148/189 kB
Progress (2): 143/169 kB | 148/189 kB
Progress (2): 148/169 kB | 148/189 kB
Progress (2): 148/169 kB | 152/189 kB
Progress (2): 152/169 kB | 152/189 kB
Progress (2): 152/169 kB | 156/189 kB
Progress (2): 156/169 kB | 156/189 kB
Progress (2): 160/169 kB | 156/189 kB
Progress (2): 160/169 kB | 160/189 kB
Progress (2): 165/169 kB | 160/189 kB
Progress (2): 165/169 kB | 164/189 kB
Progress (2): 165/169 kB | 168/189 kB
Progress (2): 169/169 kB | 168/189 kB
Progress (2): 169/169 kB | 173/189 kB
Progress (2): 169 kB | 173/189 kB    
Progress (2): 169 kB | 177/189 kB
Progress (2): 169 kB | 181/189 kB
Progress (2): 169 kB | 185/189 kB
Progress (2): 169 kB | 189 kB    
                             
Downloaded from central: https://repo.maven.apache.org/maven2/org/junit/platform/junit-platform-launcher/1.9.2/junit-platform-launcher-1.9.2.jar (169 kB at 334 kB/s)
Downloaded from central: https://repo.maven.apache.org/maven2/org/junit/platform/junit-platform-engine/1.9.2/junit-platform-engine-1.9.2.jar (189 kB at 371 kB/s)
Downloading from central: https://repo.maven.apache.org/maven2/org/junit/platform/junit-platform-launcher/1.10.1/junit-platform-launcher-1.10.1.pom
Progress (1): 977 B
Progress (1): 3.0 kB
                    
Downloaded from central: https://repo.maven.apache.org/maven2/org/junit/platform/junit-platform-launcher/1.10.1/junit-platform-launcher-1.10.1.pom (3.0 kB at 15 kB/s)
[INFO] 
[INFO] -------------------------------------------------------
[INFO]  T E S T S
[INFO] -------------------------------------------------------
[ERROR] com/infy/pintrest/api/AuthApiTest has been compiled by a more recent version of the Java Runtime (class file version 61.0), this version of the Java Runtime only recognizes class file versions up to 52.0
[INFO] 
[INFO] Results:
[INFO] 
[INFO] Tests run: 0, Failures: 0, Errors: 0, Skipped: 0
[INFO] 
[INFO] ------------------------------------------------------------------------
[INFO] BUILD FAILURE
[INFO] ------------------------------------------------------------------------
[INFO] Total time:  7.209 s
[INFO] Finished at: 2025-12-01T19:48:04+05:30
[INFO] ------------------------------------------------------------------------
[ERROR] Failed to execute goal org.apache.maven.plugins:maven-surefire-plugin:3.1.2:test (default-test) on project pinterest: 
[ERROR] 
[ERROR] Please refer to C:\Users\Gowrish\Desktop\newcapstone\pinterest\target\surefire-reports for the individual test results.
[ERROR] Please refer to dump files (if any exist) [date].dump, [date]-jvmRun[N].dump and [date].dumpstream.
[ERROR] There was an error in the forked process
[ERROR] com/infy/pintrest/api/AuthApiTest has been compiled by a more recent version of the Java Runtime (class file version 61.0), this version of the Java Runtime only recognizes class file versions up to 52.0
[ERROR] org.apache.maven.surefire.booter.SurefireBooterForkException: There was an error in the forked process
[ERROR] com/infy/pintrest/api/AuthApiTest has been compiled by a more recent version of the Java Runtime (class file version 61.0), this version of the Java Runtime only recognizes class file versions up to 52.0
[ERROR] 	at org.apache.maven.plugin.surefire.booterclient.ForkStarter.fork(ForkStarter.java:628)
[ERROR] 	at org.apache.maven.plugin.surefire.booterclient.ForkStarter.run(ForkStarter.java:285)
[ERROR] 	at org.apache.maven.plugin.surefire.booterclient.ForkStarter.run(ForkStarter.java:250)
[ERROR] 	at org.apache.maven.plugin.surefire.AbstractSurefireMojo.executeProvider(AbstractSurefireMojo.java:1203)
[ERROR] 	at org.apache.maven.plugin.surefire.AbstractSurefireMojo.executeAfterPreconditionsChecked(AbstractSurefireMojo.java:1055)
[ERROR] 	at org.apache.maven.plugin.surefire.AbstractSurefireMojo.execute(AbstractSurefireMojo.java:871)
[ERROR] 	at org.apache.maven.plugin.DefaultBuildPluginManager.executeMojo(DefaultBuildPluginManager.java:126)
[ERROR] 	at org.apache.maven.lifecycle.internal.MojoExecutor.doExecute2(MojoExecutor.java:328)
[ERROR] 	at org.apache.maven.lifecycle.internal.MojoExecutor.doExecute(MojoExecutor.java:316)
[ERROR] 	at org.apache.maven.lifecycle.internal.MojoExecutor.execute(MojoExecutor.java:212)
[ERROR] 	at org.apache.maven.lifecycle.internal.MojoExecutor.execute(MojoExecutor.java:174)
[ERROR] 	at org.apache.maven.lifecycle.internal.MojoExecutor.access$000(MojoExecutor.java:75)
[ERROR] 	at org.apache.maven.lifecycle.internal.MojoExecutor$1.run(MojoExecutor.java:162)
[ERROR] 	at org.apache.maven.plugin.DefaultMojosExecutionStrategy.execute(DefaultMojosExecutionStrategy.java:39)
[ERROR] 	at org.apache.maven.lifecycle.internal.MojoExecutor.execute(MojoExecutor.java:159)
[ERROR] 	at org.apache.maven.lifecycle.internal.LifecycleModuleBuilder.buildProject(LifecycleModuleBuilder.java:105)
[ERROR] 	at org.apache.maven.lifecycle.internal.LifecycleModuleBuilder.buildProject(LifecycleModuleBuilder.java:73)
[ERROR] 	at org.apache.maven.lifecycle.internal.builder.singlethreaded.SingleThreadedBuilder.build(SingleThreadedBuilder.java:53)
[ERROR] 	at org.apache.maven.lifecycle.internal.LifecycleStarter.execute(LifecycleStarter.java:118)
[ERROR] 	at org.apache.maven.DefaultMaven.doExecute(DefaultMaven.java:261)
[ERROR] 	at org.apache.maven.DefaultMaven.doExecute(DefaultMaven.java:173)
[ERROR] 	at org.apache.maven.DefaultMaven.execute(DefaultMaven.java:101)
[ERROR] 	at org.apache.maven.cli.MavenCli.execute(MavenCli.java:906)
[ERROR] 	at org.apache.maven.cli.MavenCli.doMain(MavenCli.java:283)
[ERROR] 	at org.apache.maven.cli.MavenCli.main(MavenCli.java:206)
[ERROR] 	at sun.reflect.NativeMethodAccessorImpl.invoke0(Native Method)
[ERROR] 	at sun.reflect.NativeMethodAccessorImpl.invoke(NativeMethodAccessorImpl.java:62)
[ERROR] 	at sun.reflect.DelegatingMethodAccessorImpl.invoke(DelegatingMethodAccessorImpl.java:43)
[ERROR] 	at java.lang.reflect.Method.invoke(Method.java:498)
[ERROR] 	at org.codehaus.plexus.classworlds.launcher.Launcher.launchEnhanced(Launcher.java:255)
[ERROR] 	at org.codehaus.plexus.classworlds.launcher.Launcher.launch(Launcher.java:201)
[ERROR] 	at org.codehaus.plexus.classworlds.launcher.Launcher.mainWithExitCode(Launcher.java:361)
[ERROR] 	at org.codehaus.plexus.classworlds.launcher.Launcher.main(Launcher.java:314)
[ERROR] 
[ERROR] -> [Help 1]
[ERROR] 
[ERROR] To see the full stack trace of the errors, re-run Maven with the -e switch.
[ERROR] Re-run Maven using the -X switch to enable full debug logging.
[ERROR] 
[ERROR] For more information about the errors and possible solutions, please read the following articles:
[ERROR] [Help 1] http://cwiki.apache.org/confluence/display/MAVEN/MojoExecutionException
